[www.mspy.com/index.html]
[backblue.gif]
[fade.gif]
[index.html]
[static2.mspy.com/favicon.ico]
[static2.mspy.com/apple-touch-icon-57x57.png]
[static2.mspy.com/apple-touch-icon-114x114.png]
[static2.mspy.com/apple-touch-icon-72x72.png]
[static2.mspy.com/apple-touch-icon-144x144.png]
[static2.mspy.com/apple-touch-icon-60x60.png]
[static2.mspy.com/apple-touch-icon-120x120.png]
[static2.mspy.com/apple-touch-icon-76x76.png]
[static2.mspy.com/apple-touch-icon-152x152.png]
[static2.mspy.com/assets/css/common-ee704eea9b5799d280aeec1df791f155.css]
[www.mspy.fr/index.html]
[www.mspy.com.de/index.html]
[www.mspy.com.es/index.html]
[www.googletagmanager.com/nsb11a.html]
[www.mspy.it/index.html]
[www.mspy.com.br/index.html]
[tr.mspy.com/index.html]
[www.mspy.com/features.html]
[www.mspy.com/whatsapp-spy.html]
[kr.mspy.com/index.html]
[www.mspy.jp/index.html]
[www.mspy.com/text-message-spy.html]
[ar.mspy.com/index.html]
[www.mspy.com/imessage.html]
[www.mspy.com/facebook-spy.html]
[www.mspy.com/snapchat-spy.html]
[www.mspy.com/keylogger.html]
[www.mspy.com/current-gps-location.html]
[www.mspy.com/photos.html]
[www.mspy.com/product.html]
[www.mspy.com/no-jailbreak.html]
[www.mspy.com/iphone-spy.html]
[www.mspy.com/android-spy.html]
[www.mspy.com/family-kit.html]
[www.mspy.com/compatibility.html]
[www.mspy.com/buynow.html]
[cp.mspyonline.com/login.html]
[static2.mspy.com/assets/img/_main-block-bg.jpg]
[demo2.mspy.com/dashboard.html]
[static2.mspy.com/assets/img/main-about.png]
[www.mspy.com/instagram.html]
[www.mspy.com/call-logs.html]
[www.mspy.com/browsing-history.html]
[www.forbes.com/sites/haroldstark/2017/02/14/heres-everything-you-need-to-tell-your-kids-about-internet-responsibility/index.html]
[www.ibm.com/developerworks/community/blogs/bae6a745-faab-4ee8-8c3b-0ce483a04daf/entry/October_24_2017_at_11_56_59_PM9ed2.html]
[static2.mspy.com/assets/img/fatherly-logo.png]
[thenextweb.com/guests/mspy-spy-app-review/index.html]
[www.fatherly.com/gear/best-surveillance-apps-for-parents/index.html]
[www.youtube.com/embed/SWEAY41EPQs0ccd.html]
[www.mspy.com/sent-received-sms.html]
[www.mspy.com/whatsapp.html]
[www.mspy.com/snapchat.html]
[www.mspy.com/telegram.html]
[www.mspy.com/tinder.html]
[www.mspy.com/facebook.html]
[www.mspy.com/viber.html]
[www.mspy.com/skype.html]
[www.mspy.com/instagram-spy.html]
[www.mspy.com/free.html]
[www.mspy.com/incoming-calls-restriction.html]
[www.mspy.com/parental-control.html]
[www.mspy.com/kik-spy.html]
[www.mspy.com/line.html]
[www.mspy.com/faq.html]
[blog.mspy.com/mspy-reviews/index.html]
[blog.mspy.com/index.html]
[www.mspy.com/how-mspy-works.html]
[www.mspy.com/affiliates.html]
[www.mspy.com/reseller.html]
[www.mspy.com/contact-us.html]
[www.mspy.com/terms-of-use.html]
[www.mspy.com/legal-info.html]
[www.mspy.com/privacy-policy.html]
[www.mspy.com/refund-policy.html]
[www.mspy.com/cookie-policy.html]
[www.mspy.com/compatibility-policy.html]
[www.mspy.com/affiliatesprogramtc.html]
[www.w3.org/2000/svg.html]
[www.mspy.com/resellertc.html]
[static2.mspy.com/assets/img/sb-widget-logo-b.png]
[static2.mspy.com/assets/img/Credit_Card_Safe_light.png]
[twitter.com/mSpycom.html]
[www.facebook.com/mspyofficial/index.html]
[www.stopbullying.gov/index.html]
[www.mspy.com/index.html]
[www.youtube.com/user/mSpycom.html]
[www.mspy.com.de/index.html]
[static2.mspy.com/assets/js/scripts-ffb9e1791c154f55883ed3dc9c071395.js]
[www.mspy.com.es/index.html]
[www.mspy.fr/index.html]
[www.mspy.it/index.html]
[www.mspy.com.br/index.html]
[plus.google.com/+Mspyapp.html]
[tr.mspy.com/index.html]
[kr.mspy.com/index.html]
[www.mspy.jp/index.html]
[ar.mspy.com/index.html]
[static2.mspy.com/assets/css/common-ee704eea9b5799d280aeec1df791f155.css]
[www.googletagmanager.com/gtm5445.html]
[www.googletagmanager.com/nsb11a.html]
[www.mspy.com/features.html]
[www.mspy.com/whatsapp-spy.html]
[www.mspy.com/text-message-spy.html]
[www.mspy.com/imessage.html]
[www.mspy.com/facebook-spy.html]
[www.mspy.com/snapchat-spy.html]
[www.mspy.com/keylogger.html]
[www.mspy.com/current-gps-location.html]
[www.mspy.com/photos.html]
[www.mspy.com/product.html]
[www.mspy.com/no-jailbreak.html]
[www.mspy.com/iphone-spy.html]
[www.mspy.com/android-spy.html]
[www.mspy.com/family-kit.html]
[www.mspy.com/compatibility.html]
[www.mspy.com/buynow.html]
[cp.mspyonline.com/login.html]
[demo2.mspy.com/dashboard.html]
[www.mspy.com/instagram.html]
[www.mspy.com/call-logs.html]
[www.mspy.com/browsing-history.html]
[thenextweb.com/guests/mspy-spy-app-review/index.html]
[www.forbes.com/sites/haroldstark/2017/02/14/heres-everything-you-need-to-tell-your-kids-about-internet-responsibility/index.html]
[www.ibm.com/developerworks/community/blogs/bae6a745-faab-4ee8-8c3b-0ce483a04daf/entry/October_24_2017_at_11_56_59_PM9ed2.html]
[www.toptenreviews.com/software/privacy/best-cell-phone-parental-control-software/mspy-review/index.html]
[fox2now.com/2016/11/30/parent-tested-parent-approved-holiday-toys/index.html]
[www.fatherly.com/gear/best-surveillance-apps-for-parents/index.html]
[www.androidguys.com/2017/05/18/mspy-for-android-keep-tabs-on-your-childrens-online-activity/index.html]
[w2.parentstv.org/blog/index.php/2017/05/12/choosing-the-right-app-to-protect-your-kids-online/index.html]
[www.reflexintl.com/mspy-review-monitoring-software/index.html]
[www.toptenreviews.com/software/privacy/best-cell-phone-monitoring-software/mspy-review/index.html]
[www.youtube.com/embed/SWEAY41EPQs0ccd.html]
[www.mspy.com/sent-received-sms.html]
[www.mspy.com/whatsapp.html]
[www.mspy.com/snapchat.html]
[www.mspy.com/telegram.html]
[www.mspy.com/tinder.html]
[www.mspy.com/facebook.html]
[www.mspy.com/viber.html]
[www.mspy.com/skype.html]
[www.mspy.com/instagram-spy.html]
[www.mspy.com/free.html]
[www.mspy.com/incoming-calls-restriction.html]
[www.mspy.com/parental-control.html]
[www.mspy.com/kik-spy.html]
[www.mspy.com/line.html]
[www.mspy.com/mobile-phone-spy-software.html]
[www.mspy.com/hangouts.html]
[blog.mspy.com/mspy-reviews/index.html]
[www.mspy.com/faq.html]
[blog.mspy.com/index.html]
[www.mspy.com/how-mspy-works.html]
[www.mspy.com/affiliates.html]
[www.mspy.com/reseller.html]
[www.mspy.com/contact-us.html]
[www.mspy.com/terms-of-use.html]
[www.mspy.com/legal-info.html]
[www.mspy.com/privacy-policy.html]
[www.mspy.com/refund-policy.html]
[www.mspy.com/cookie-policy.html]
[www.mspy.com/compatibility-policy.html]
[www.mspy.com/affiliatesprogramtc.html]
[www.mspy.com/resellertc.html]
[www.w3.org/2000/svg.html]
[www.mspy.com/about.html]
[www.stopbullying.gov/index.html]
[www.securitymetrics.com/site_certificateff84.html]
[www.facebook.com/mspyofficial/index.html]
[twitter.com/mSpycom.html]
[plus.google.com/+Mspyapp.html]
[instagram.com/mspy_app/index.html]
[www.youtube.com/user/mSpycom.html]
[www.mspy.com/hangouts.html]
[www.mspy.com/mobile-phone-spy-software.html]
[www.mspy.com/about.html]
